// Jest Snapshot v1, https://goo.gl/fbAQLP

exports[`Tile renders correctly 1`] = `
<div
  className="Tile"
>
  githubId : 
   
  <br />
  githubUrl : 
   
  <br />
  longDesc : 
   
  <br />
  name : 
   
  <br />
  shortDesc : 
   
  <br />
  submissionDate : 
   
  <br />
  thumb : 
   
  <br />
  twitterId : 
</div>
`;
